[    0.000000] Linux version 4.15.0-88-generic (buildd@lgw01-amd64-036) (gcc version 7.4.0 (Ubuntu 7.4.0-1ubuntu1~18.04.1)) #88-Ubuntu SMP Tue Feb 11 20:11:34 UTC 2020 (Ubuntu 4.15.0-88.88-generic 4.15.18)
[    0.000000] Command line: BOOT_IMAGE=/boot/vmlinuz-4.15.0-88-generic root=LABEL=cloudimg-rootfs ro console=tty1 console=ttyS0
[    0.000000] KERNEL supported cpus:
[    0.000000]   Intel GenuineIntel
[    0.000000]   AMD AuthenticAMD
[    0.000000]   Centaur CentaurHauls
[    0.000000] x86/fpu: Supporting XSAVE feature 0x001: 'x87 floating point registers'
[    0.000000] x86/fpu: Supporting XSAVE feature 0x002: 'SSE registers'
[    0.000000] x86/fpu: Supporting XSAVE feature 0x004: 'AVX registers'
[    0.000000] x86/fpu: xstate_offset[2]:  576, xstate_sizes[2]:  256
[    0.000000] x86/fpu: Enabled xstate features 0x7, context size is 832 bytes, using 'standard' format.
[    0.000000] e820: BIOS-provided physical RAM map:
[    0.000000] BIOS-e820: [mem 0x0000000000000000-0x000000000009fbff] usable
[    0.000000] BIOS-e820: [mem 0x000000000009fc00-0x000000000009ffff] reserved
[    0.000000] BIOS-e820: [mem 0x00000000000f0000-0x00000000000fffff] reserved
[    0.000000] BIOS-e820: [mem 0x0000000000100000-0x000000003ffeffff] usable
[    0.000000] BIOS-e820: [mem 0x000000003fff0000-0x000000003fffffff] ACPI data
[    0.000000] BIOS-e820: [mem 0x00000000fec00000-0x00000000fec00fff] reserved
[    0.000000] BIOS-e820: [mem 0x00000000fee00000-0x00000000fee00fff] reserved
[    0.000000] BIOS-e820: [mem 0x00000000fffc0000-0x00000000ffffffff] reserved
[    0.000000] NX (Execute Disable) protection: active
[    0.000000] SMBIOS 2.5 present.
[    0.000000] DMI: innotek GmbH VirtualBox/VirtualBox, BIOS VirtualBox 12/01/2006
[    0.000000] Hypervisor detected: KVM
[    0.000000] e820: last_pfn = 0x3fff0 max_arch_pfn = 0x400000000
[    0.000000] MTRR: Disabled
[    0.000000] x86/PAT: MTRRs disabled, skipping PAT initialization too.
[    0.000000] CPU MTRRs all blank - virtualized system.
[    0.000000] x86/PAT: Configuration [0-7]: WB  WT  UC- UC  WB  WT  UC- UC  
[    0.000000] found SMP MP-table at [mem 0x0009fff0-0x0009ffff]
[    0.000000] Scanning 1 areas for low memory corruption
[    0.000000] RAMDISK: [mem 0x35a6d000-0x36d2dfff]
[    0.000000] ACPI: Early table checksum verification disabled
[    0.000000] ACPI: RSDP 0x00000000000E0000 000024 (v02 VBOX  )
[    0.000000] ACPI: XSDT 0x000000003FFF0030 00003C (v01 VBOX   VBOXXSDT 00000001 ASL  00000061)
[    0.000000] ACPI: FACP 0x000000003FFF00F0 0000F4 (v04 VBOX   VBOXFACP 00000001 ASL  00000061)
[    0.000000] ACPI: DSDT 0x000000003FFF0470 002325 (v02 VBOX   VBOXBIOS 00000002 INTL 20100528)
[    0.000000] ACPI: FACS 0x000000003FFF0200 000040
[    0.000000] ACPI: FACS 0x000000003FFF0200 000040
[    0.000000] ACPI: APIC 0x000000003FFF0240 00005C (v02 VBOX   VBOXAPIC 00000001 ASL  00000061)
[    0.000000] ACPI: SSDT 0x000000003FFF02A0 0001CC (v01 VBOX   VBOXCPUT 00000002 INTL 20100528)
[    0.000000] No NUMA configuration found
[    0.000000] Faking a node at [mem 0x0000000000000000-0x000000003ffeffff]
[    0.000000] NODE_DATA(0) allocated [mem 0x3ffc5000-0x3ffeffff]
[    0.000000] kvm-clock: cpu 0, msr 0:3ff44001, primary cpu clock
[    0.000000] kvm-clock: Using msrs 4b564d01 and 4b564d00
[    0.000000] kvm-clock: using sched offset of 9622172361 cycles
[    0.000000] clocksource: kvm-clock: mask: 0xffffffffffffffff max_cycles: 0x1cd42e4dffb, max_idle_ns: 881590591483 ns
[    0.000000] Zone ranges:
[    0.000000]   DMA      [mem 0x0000000000001000-0x0000000000ffffff]
[    0.000000]   DMA32    [mem 0x0000000001000000-0x000000003ffeffff]
[    0.000000]   Normal   empty
[    0.000000]   Device   empty
[    0.000000] Movable zone start for each node
[    0.000000] Early memory node ranges
[    0.000000]   node   0: [mem 0x0000000000001000-0x000000000009efff]
[    0.000000]   node   0: [mem 0x0000000000100000-0x000000003ffeffff]
[    0.000000] Reserved but unavailable: 98 pages
[    0.000000] Initmem setup node 0 [mem 0x0000000000001000-0x000000003ffeffff]
[    0.000000] ACPI: PM-Timer IO Port: 0x4008
[    0.000000] IOAPIC[0]: apic_id 2, version 32, address 0xfec00000, GSI 0-23
[    0.000000] ACPI: INT_SRC_OVR (bus 0 bus_irq 0 global_irq 2 dfl dfl)
[    0.000000] ACPI: INT_SRC_OVR (bus 0 bus_irq 9 global_irq 9 low level)
[    0.000000] Using ACPI (MADT) for SMP configuration information
[    0.000000] smpboot: Allowing 2 CPUs, 0 hotplug CPUs
[    0.000000] PM: Registered nosave memory: [mem 0x00000000-0x00000fff]
[    0.000000] PM: Registered nosave memory: [mem 0x0009f000-0x0009ffff]
[    0.000000] PM: Registered nosave memory: [mem 0x000a0000-0x000effff]
[    0.000000] PM: Registered nosave memory: [mem 0x000f0000-0x000fffff]
[    0.000000] e820: [mem 0x40000000-0xfebfffff] available for PCI devices
[    0.000000] Booting paravirtualized kernel on KVM
[    0.000000] clocksource: refined-jiffies: mask: 0xffffffff max_cycles: 0xffffffff, max_idle_ns: 7645519600211568 ns
[    0.000000] random: get_random_bytes called from start_kernel+0x99/0x4fd with crng_init=0
[    0.000000] setup_percpu: NR_CPUS:8192 nr_cpumask_bits:2 nr_cpu_ids:2 nr_node_ids:1
[    0.000000] percpu: Embedded 45 pages/cpu s147456 r8192 d28672 u1048576
[    0.000000] PV qspinlock hash table entries: 256 (order: 0, 4096 bytes)
[    0.000000] Built 1 zonelists, mobility grouping on.  Total pages: 257913
[    0.000000] Policy zone: DMA32
[    0.000000] Kernel command line: BOOT_IMAGE=/boot/vmlinuz-4.15.0-88-generic root=LABEL=cloudimg-rootfs ro console=tty1 console=ttyS0
[    0.000000] Memory: 983068K/1048120K available (12300K kernel code, 2481K rwdata, 4264K rodata, 2428K init, 2712K bss, 65052K reserved, 0K cma-reserved)
[    0.000000] SLUB: HWalign=64, Order=0-3, MinObjects=0, CPUs=2, Nodes=1
[    0.000000] Kernel/User page tables isolation: enabled
[    0.000000] ftrace: allocating 39344 entries in 154 pages
[    0.004000] Hierarchical RCU implementation.
[    0.004000] 	RCU restricting CPUs from NR_CPUS=8192 to nr_cpu_ids=2.
[    0.004000] 	Tasks RCU enabled.
[    0.004000] RCU: Adjusting geometry for rcu_fanout_leaf=16, nr_cpu_ids=2
[    0.004000] NR_IRQS: 524544, nr_irqs: 440, preallocated irqs: 16
[    0.004000] Console: colour VGA+ 80x25
[    0.004000] console [tty1] enabled
[    0.004000] console [ttyS0] enabled
[    0.004000] ACPI: Core revision 20170831
[    0.004000] ACPI: 2 ACPI AML tables successfully acquired and loaded
[    0.004000] APIC: Switch to symmetric I/O mode setup
[    0.004983] x2apic enabled
[    0.008011] Switched APIC routing to physical x2apic.
[    0.012000] ..TIMER: vector=0x30 apic1=0 pin1=2 apic2=-1 pin2=-1
[    0.012008] tsc: Detected 1599.999 MHz processor
[    0.016014] Calibrating delay loop (skipped) preset value.. 3199.99 BogoMIPS (lpj=6399996)
[    0.020010] pid_max: default: 32768 minimum: 301
[    0.024202] Security Framework initialized
[    0.028009] Yama: becoming mindful.
[    0.032046] AppArmor: AppArmor initialized
[    0.040110] Dentry cache hash table entries: 131072 (order: 8, 1048576 bytes)
[    0.044136] Inode-cache hash table entries: 65536 (order: 7, 524288 bytes)
[    0.048042] Mount-cache hash table entries: 2048 (order: 2, 16384 bytes)
[    0.052024] Mountpoint-cache hash table entries: 2048 (order: 2, 16384 bytes)
[    0.056376] Last level iTLB entries: 4KB 64, 2MB 8, 4MB 8
[    0.060010] Last level dTLB entries: 4KB 64, 2MB 0, 4MB 0, 1GB 4
[    0.064008] Spectre V1 : Mitigation: usercopy/swapgs barriers and __user pointer sanitization
[    0.068012] Spectre V2 : Mitigation: Full generic retpoline
[    0.072008] Spectre V2 : Spectre v2 / SpectreRSB mitigation: Filling RSB on context switch
[    0.076010] Speculative Store Bypass: Vulnerable
[    0.080173] MDS: Mitigation: Clear CPU buffers
[    0.084235] Freeing SMP alternatives memory: 36K
[    0.216113] smpboot: CPU0: Intel(R) Core(TM) i5-5250U CPU @ 1.60GHz (family: 0x6, model: 0x3d, stepping: 0x4)
[    0.220194] Performance Events: unsupported p6 CPU model 61 no PMU driver, software events only.
[    0.224086] Hierarchical SRCU implementation.
[    0.229076] NMI watchdog: Perf event create on CPU 0 failed with -2
[    0.232007] NMI watchdog: Perf NMI watchdog permanently disabled
[    0.235156] smp: Bringing up secondary CPUs ...
[    0.236232] x86: Booting SMP configuration:
[    0.240011] .... node  #0, CPUs:      #1
[    0.004000] kvm-clock: cpu 1, msr 0:3ff44041, secondary cpu clock
[    0.256041] smp: Brought up 1 node, 2 CPUs
[    0.260016] smpboot: Max logical packages: 1
[    0.264017] smpboot: Total of 2 processors activated (6399.99 BogoMIPS)
[    0.268951] devtmpfs: initialized
[    0.272143] x86/mm: Memory block size: 128MB
[    0.276605] evm: security.selinux
[    0.278137] evm: security.SMACK64
[    0.280006] evm: security.SMACK64EXEC
[    0.282370] evm: security.SMACK64TRANSMUTE
[    0.284004] evm: security.SMACK64MMAP
[    0.288007] evm: security.apparmor
[    0.292006] evm: security.ima
[    0.296008] evm: security.capability
[    0.304628] clocksource: jiffies: mask: 0xffffffff max_cycles: 0xffffffff, max_idle_ns: 7645041785100000 ns
[    0.308032] futex hash table entries: 512 (order: 3, 32768 bytes)
[    0.312041] pinctrl core: initialized pinctrl subsystem
[    0.320431] RTC time: 15:43:03, date: 04/08/20
[    0.323017] NET: Registered protocol family 16
[    0.324362] audit: initializing netlink subsys (disabled)
[    0.328173] audit: type=2000 audit(1586360594.335:1): state=initialized audit_enabled=0 res=1
[    0.344014] cpuidle: using governor ladder
[    0.348038] cpuidle: using governor menu
[    0.352069] ACPI: bus type PCI registered
[    0.356019] acpiphp: ACPI Hot Plug PCI Controller Driver version: 0.5
[    0.360160] PCI: Using configuration type 1 for base access
[    0.368685] HugeTLB registered 2.00 MiB page size, pre-allocated 0 pages
[    0.372130] ACPI: Added _OSI(Module Device)
[    0.376029] ACPI: Added _OSI(Processor Device)
[    0.378439] ACPI: Added _OSI(3.0 _SCP Extensions)
[    0.380015] ACPI: Added _OSI(Processor Aggregator Device)
[    0.382062] ACPI: Added _OSI(Linux-Dell-Video)
[    0.384007] ACPI: Added _OSI(Linux-Lenovo-NV-HDMI-Audio)
[    0.385743] ACPI: Added _OSI(Linux-HPI-Hybrid-Graphics)
[    0.388655] ACPI: Executed 1 blocks of module-level executable AML code
[    0.403251] ACPI: Interpreter enabled
[    0.404090] ACPI: (supports S0 S5)
[    0.408018] ACPI: Using IOAPIC for interrupt routing
[    0.415270] PCI: Using host bridge windows from ACPI; if necessary, use "pci=nocrs" and report a bug
[    0.416430] ACPI: Enabled 2 GPEs in block 00 to 07
[    0.435400] ACPI: PCI Root Bridge [PCI0] (domain 0000 [bus 00-ff])
[    0.436020] acpi PNP0A03:00: _OSC: OS supports [ASPM ClockPM Segments MSI]
[    0.440768] acpi PNP0A03:00: _OSC: not requesting OS control; OS requires [ExtendedConfig ASPM ClockPM MSI]
[    0.444029] acpi PNP0A03:00: fail to add MMCONFIG information, can't access extended PCI configuration space under this bridge.
[    0.449152] PCI host bridge to bus 0000:00
[    0.452018] pci_bus 0000:00: root bus resource [io  0x0000-0x0cf7 window]
[    0.456012] pci_bus 0000:00: root bus resource [io  0x0d00-0xffff window]
[    0.460011] pci_bus 0000:00: root bus resource [mem 0x000a0000-0x000bffff window]
[    0.464010] pci_bus 0000:00: root bus resource [mem 0x40000000-0xfdffffff window]
[    0.468013] pci_bus 0000:00: root bus resource [bus 00-ff]
[    0.478310] pci 0000:00:01.1: legacy IDE quirk: reg 0x10: [io  0x01f0-0x01f7]
[    0.480014] pci 0000:00:01.1: legacy IDE quirk: reg 0x14: [io  0x03f6]
[    0.484011] pci 0000:00:01.1: legacy IDE quirk: reg 0x18: [io  0x0170-0x0177]
[    0.488016] pci 0000:00:01.1: legacy IDE quirk: reg 0x1c: [io  0x0376]
[    0.540532] pci 0000:00:07.0: quirk: [io  0x4000-0x403f] claimed by PIIX4 ACPI
[    0.544039] pci 0000:00:07.0: quirk: [io  0x4100-0x410f] claimed by PIIX4 SMB
[    0.568000] ACPI: PCI Interrupt Link [LNKA] (IRQs 5 9 10 *11)
[    0.568485] ACPI: PCI Interrupt Link [LNKB] (IRQs 5 9 *10 11)
[    0.572259] ACPI: PCI Interrupt Link [LNKC] (IRQs 5 *9 10 11)
[    0.576256] ACPI: PCI Interrupt Link [LNKD] (IRQs 5 9 10 *11)
[    0.580944] SCSI subsystem initialized
[    0.588076] pci 0000:00:02.0: vgaarb: setting as boot VGA device
[    0.590909] pci 0000:00:02.0: vgaarb: VGA device added: decodes=io+mem,owns=io+mem,locks=none
[    0.592013] pci 0000:00:02.0: vgaarb: bridge control possible
[    0.596008] vgaarb: loaded
[    0.600073] ACPI: bus type USB registered
[    0.602560] usbcore: registered new interface driver usbfs
[    0.604043] usbcore: registered new interface driver hub
[    0.608152] usbcore: registered new device driver usb
[    0.612292] EDAC MC: Ver: 3.0.0
[    0.616494] PCI: Using ACPI for IRQ routing
[    0.621794] NetLabel: Initializing
[    0.624010] NetLabel:  domain hash size = 128
[    0.626280] NetLabel:  protocols = UNLABELED CIPSOv4 CALIPSO
[    0.628030] NetLabel:  unlabeled traffic allowed by default
[    0.632217] clocksource: Switched to clocksource kvm-clock
[    0.662921] VFS: Disk quotas dquot_6.6.0
[    0.670249] VFS: Dquot-cache hash table entries: 512 (order 0, 4096 bytes)
[    0.676523] AppArmor: AppArmor Filesystem Enabled
[    0.684046] pnp: PnP ACPI init
[    0.688682] pnp: PnP ACPI: found 3 devices
[    0.710768] clocksource: acpi_pm: mask: 0xffffff max_cycles: 0xffffff, max_idle_ns: 2085701024 ns
[    0.714496] NET: Registered protocol family 2
[    0.716547] TCP established hash table entries: 8192 (order: 4, 65536 bytes)
[    0.719489] TCP bind hash table entries: 8192 (order: 5, 131072 bytes)
[    0.724656] TCP: Hash tables configured (established 8192 bind 8192)
[    0.727438] UDP hash table entries: 512 (order: 2, 16384 bytes)
[    0.735618] UDP-Lite hash table entries: 512 (order: 2, 16384 bytes)
[    0.740892] NET: Registered protocol family 1
[    0.742806] pci 0000:00:00.0: Limiting direct PCI/PCI transfers
[    0.746080] pci 0000:00:01.0: Activating ISA DMA hang workarounds
[    0.748999] pci 0000:00:02.0: Video device with shadowed ROM at [mem 0x000c0000-0x000dffff]
[    0.754624] Unpacking initramfs...
[    1.653124] Freeing initrd memory: 19204K
[    1.657949] clocksource: tsc: mask: 0xffffffffffffffff max_cycles: 0x171023f09ff, max_idle_ns: 440795233615 ns
[    1.662868] platform rtc_cmos: registered platform RTC device (no PNP device found)
[    1.669418] Scanning for low memory corruption every 60 seconds
[    1.675999] Initialise system trusted keyrings
[    1.684163] Key type blacklist registered
[    1.693587] workingset: timestamp_bits=36 max_order=18 bucket_order=0
[    1.732725] zbud: loaded
[    1.738717] squashfs: version 4.0 (2009/01/31) Phillip Lougher
[    1.749038] fuse init (API version 7.26)
[    1.759829] Key type asymmetric registered
[    1.764122] Asymmetric key parser 'x509' registered
[    1.766348] Block layer SCSI generic (bsg) driver version 0.4 loaded (major 246)
[    1.774296] io scheduler noop registered
[    1.775772] io scheduler deadline registered
[    1.778812] io scheduler cfq registered (default)
[    1.781151] ACPI: AC Adapter [AC] (on-line)
[    1.782607] input: Power Button as /devices/LNXSYSTM:00/LNXPWRBN:00/input/input0
[    1.786021] ACPI: Power Button [PWRF]
[    1.787993] input: Sleep Button as /devices/LNXSYSTM:00/LNXSLPBN:00/input/input1
[    1.791973] ACPI: Sleep Button [SLPF]
[    1.796674] Serial: 8250/16550 driver, 32 ports, IRQ sharing enabled
[    1.796860] ACPI: Battery Slot [BAT0] (battery present)
[    1.827626] 00:02: ttyS0 at I/O 0x3f8 (irq = 4, base_baud = 115200) is a 16550A
[    1.848317] Linux agpgart interface v0.103
[    1.855502] loop: module loaded
[    1.857986] scsi host0: ata_piix
[    1.859767] scsi host1: ata_piix
[    1.861420] ata1: PATA max UDMA/33 cmd 0x1f0 ctl 0x3f6 bmdma 0xd000 irq 14
[    1.866490] ata2: PATA max UDMA/33 cmd 0x170 ctl 0x376 bmdma 0xd008 irq 15
[    1.869229] libphy: Fixed MDIO Bus: probed
[    1.872237] tun: Universal TUN/TAP device driver, 1.6
[    1.875934] PPP generic driver version 2.4.2
[    1.885299] ehci_hcd: USB 2.0 'Enhanced' Host Controller (EHCI) Driver
[    1.887917] ehci-pci: EHCI PCI platform driver
[    1.892296] ehci-platform: EHCI generic platform driver
[    1.896281] ohci_hcd: USB 1.1 'Open' Host Controller (OHCI) Driver
[    1.901176] ohci-pci: OHCI PCI platform driver
[    1.902843] ohci-platform: OHCI generic platform driver
[    1.907635] uhci_hcd: USB Universal Host Controller Interface driver
[    1.912575] i8042: PNP: PS/2 Controller [PNP0303:PS2K,PNP0f03:PS2M] at 0x60,0x64 irq 1,12
[    1.916643] serio: i8042 KBD port at 0x60,0x64 irq 1
[    1.918485] serio: i8042 AUX port at 0x60,0x64 irq 12
[    1.923503] mousedev: PS/2 mouse device common for all mice
[    1.928361] input: AT Translated Set 2 keyboard as /devices/platform/i8042/serio0/input/input2
[    1.933701] rtc_cmos rtc_cmos: rtc core: registered rtc_cmos as rtc0
[    1.945981] rtc_cmos rtc_cmos: alarms up to one day, 114 bytes nvram
[    1.954454] i2c /dev entries driver
[    1.958064] device-mapper: uevent: version 1.0.3
[    1.961019] device-mapper: ioctl: 4.37.0-ioctl (2017-09-20) initialised: dm-devel@redhat.com
[    1.965607] ledtrig-cpu: registered to indicate activity on CPUs
[    1.975476] NET: Registered protocol family 10
[    1.991535] Segment Routing with IPv6
[    1.993728] NET: Registered protocol family 17
[    1.995852] Key type dns_resolver registered
[    1.999534] mce: Using 0 MCE banks
[    2.001274] RAS: Correctable Errors collector initialized.
[    2.003214] sched_clock: Marking stable (2001227390, 0)->(2811263053, -810035663)
[    2.008822] registered taskstats version 1
[    2.012627] Loading compiled-in X.509 certificates
[    2.023504] Loaded X.509 cert 'Build time autogenerated kernel key: f0020782f0d3a548186fb3f47aed88387a71e859'
[    2.048428] zswap: loaded using pool lzo/zbud
[    2.072142] Key type big_key registered
[    2.073768] Key type trusted registered
[    2.083659] Key type encrypted registered
[    2.085823] AppArmor: AppArmor sha1 policy hashing enabled
[    2.089102] ima: No TPM chip found, activating TPM-bypass! (rc=-19)
[    2.093775] ima: Allocated hash algorithm: sha1
[    2.095595] evm: HMAC attrs: 0x1
[    2.099178]   Magic number: 0:862:739
[    2.101968] rtc_cmos rtc_cmos: setting system clock to 2020-04-08 15:43:05 UTC (1586360585)
[    2.107185] BIOS EDD facility v0.16 2004-Jun-25, 0 devices found
[    2.113429] EDD information not available.
[    2.122983] Freeing unused kernel image memory: 2428K
[    2.140439] Write protecting the kernel read-only data: 20480k
[    2.145089] Freeing unused kernel image memory: 2008K
[    2.154957] Freeing unused kernel image memory: 1880K
[    2.170652] x86/mm: Checked W+X mappings: passed, no W+X pages found.
[    2.177045] x86/mm: Checking user space page tables
[    2.189976] x86/mm: Checked W+X mappings: passed, no W+X pages found.
Loading, please wait...
starting version 237
[    2.403622] e1000: Intel(R) PRO/1000 Network Driver - version 7.3.21-k8-NAPI
[    2.410931] e1000: Copyright (c) 1999-2006 Intel Corporation.
[    2.449620] Fusion MPT base driver 3.04.20
[    2.453851] Copyright (c) 1999-2008 LSI Corporation
[    2.536885] Fusion MPT SPI Host driver 3.04.20
[    2.777118] AVX2 version of gcm_enc/dec engaged.
[    2.788132] AES CTR mode by8 optimization enabled
[    2.859809] input: ImExPS/2 Generic Explorer Mouse as /devices/platform/i8042/serio1/input/input4
[    3.476292] e1000 0000:00:03.0 eth0: (PCI:33MHz:32-bit) 02:63:41:f1:0e:ed
[    3.478961] e1000 0000:00:03.0 eth0: Intel(R) PRO/1000 Network Connection
[    3.486265] mptbase: ioc0: Initiating bringup
[    3.488817] e1000 0000:00:03.0 enp0s3: renamed from eth0
[    3.718970] ioc0: LSI53C1030 A0: Capabilities={Initiator}
[    6.578580] scsi host2: ioc0: LSI53C1030 A0, FwRev=00000000h, Ports=1, MaxQ=256, IRQ=20
[    9.518629] scsi 2:0:0:0: Direct-Access     VBOX     HARDDISK         1.0  PQ: 0 ANSI: 5
[    9.717414] scsi target2:0:0: Beginning Domain Validation
[    9.724614] scsi target2:0:0: Domain Validation skipping write tests
[    9.734921] scsi target2:0:0: Ending Domain Validation
[    9.745444] scsi target2:0:0: asynchronous
[    9.748076] random: fast init done
[    9.752667] scsi 2:0:1:0: Direct-Access     VBOX     HARDDISK         1.0  PQ: 0 ANSI: 5
[   10.730479] scsi target2:0:1: Beginning Domain Validation
[   10.752070] scsi target2:0:1: Domain Validation skipping write tests
[   10.774719] scsi target2:0:1: Ending Domain Validation
[   10.798076] scsi target2:0:1: asynchronous
[   10.882250] random: systemd-udevd: uninitialized urandom read (16 bytes read)
[   10.894827] sd 2:0:0:0: [sda] 20971520 512-byte logical blocks: (10.7 GB/10.0 GiB)
[   10.954799] random: systemd-udevd: uninitialized urandom read (16 bytes read)
[   10.954806] random: systemd-udevd: uninitialized urandom read (16 bytes read)
[   10.957805] sd 2:0:0:0: Attached scsi generic sg0 type 0
[   10.962691] sd 2:0:0:0: [sda] Write Protect is off
[   10.978403] sd 2:0:1:0: Attached scsi generic sg1 type 0
[   11.044046] sd 2:0:0:0: [sda] Incomplete mode parameter data
[   11.044168] sd 2:0:1:0: [sdb] 20480 512-byte logical blocks: (10.5 MB/10.0 MiB)
[   11.048094] sd 2:0:0:0: [sda] Assuming drive cache: write through
[   11.056171] sd 2:0:1:0: [sdb] Write Protect is off
[   11.062563] sd 2:0:1:0: [sdb] Incomplete mode parameter data
[   11.065267]  sda: sda1
[   11.073091] sd 2:0:1:0: [sdb] Assuming drive cache: write through
[   11.106217] sd 2:0:0:0: [sda] Attached SCSI disk
[   11.117187] sd 2:0:1:0: [sdb] Attached SCSI disk
Begin: Loading essential drivers ... [   13.400064] raid6: sse2x1   gen()  3922 MB/s
[   13.448640] raid6: sse2x1   xor()  3246 MB/s
[   13.506972] raid6: sse2x2   gen()  3067 MB/s
[   13.556232] raid6: sse2x2   xor()   882 MB/s
[   13.704531] raid6: sse2x4   gen()  1162 MB/s
[   13.768963] raid6: sse2x4   xor()  1238 MB/s
[   13.840155] raid6: avx2x1   gen()  4891 MB/s
[   13.891226] raid6: avx2x1   xor()  1930 MB/s
[   13.946381] raid6: avx2x2   gen()  7904 MB/s
[   13.996358] raid6: avx2x2   xor()  4095 MB/s
[   14.052840] raid6: avx2x4   gen()  9595 MB/s
[   14.100357] raid6: avx2x4   xor()  5721 MB/s
[   14.103838] raid6: using algorithm avx2x4 gen() 9595 MB/s
[   14.110614] raid6: .... xor() 5721 MB/s, rmw enabled
[   14.122358] raid6: using avx2x2 recovery algorithm
[   14.133042] xor: automatically using best checksumming function   avx       
[   14.142582] async_tx: api initialized (async)
done.
Begin: Running /scripts/init-premount ... done.
Begin: Mounting root file system ... Begin: Running /scripts/local-top ... done.
Begin: Running /scripts/local-premount ... [   14.367229] Btrfs loaded, crc32c=crc32c-intel
Scanning for Btrfs filesystems
done.
Warning: fsck not present, so skipping root file system
[   14.628526] EXT4-fs (sda1): mounted filesystem with ordered data mode. Opts: (null)
done.
Begin: Running /scripts/local-bottom ... done.
Begin: Running /scripts/init-bottom ... done.
[   15.511170] ip_tables: (C) 2000-2006 Netfilter Core Team
[   15.549791] systemd[1]: systemd 237 running in system mode. (+PAM +AUDIT +SELINUX +IMA +APPARMOR +SMACK +SYSVINIT +UTMP +LIBCRYPTSETUP +GCRYPT +GNUTLS +ACL +XZ +LZ4 +SECCOMP +BLKID +ELFUTILS +KMOD -IDN2 +IDN -PCRE2 default-hierarchy=hybrid)
[   15.564499] systemd[1]: Detected virtualization oracle.
[   15.578649] systemd[1]: Detected architecture x86-64.

Welcome to [1mUbuntu 18.04.4 LTS[0m!

[   15.607989] systemd[1]: Set hostname to <ubuntu>.
[   15.626638] systemd[1]: Initializing machine ID from random generator.
[   15.632972] systemd[1]: Installed transient /etc/machine-id file.
[   16.820425] random: crng init done
[   16.831633] random: 7 urandom warning(s) missed due to ratelimiting
[   17.927929] systemd[1]: Reached target System Time Synchronized.
[[0;32m  OK  [0m] Reached target System Time Synchronized.
[   17.942701] systemd[1]: Reached target Swap.
[[0;32m  OK  [0m] Reached target Swap.
[   17.953696] systemd[1]: Started Forward Password Requests to Wall Directory Watch.
[[0;32m  OK  [0m] Started Forward Password Requests to Wall Directory Watch.
[   17.980904] systemd[1]: Reached target User and Group Name Lookups.
[[0;32m  OK  [0m] Reached target User and Group Name Lookups.
[[0;32m  OK  [0m] Created slice System Slice.
[[0;32m  OK  [0m] Listening on Journal Audit Socket.
[[0;32m  OK  [0m] Listening on Device-mapper event daemon FIFOs.
[[0;32m  OK  [0m] Listening on LVM2 poll daemon socket.
[[0;32m  OK  [0m] Listening on Journal Socket.
         Starting Load Kernel Modules...
         Mounting POSIX Message Queue File System...
         Mounting Huge Pages File System...
[[0;32m  OK  [0m] Created slice system-serial\x2dgetty.slice.
         Starting Uncomplicated firewall...
[   18.074670] Loading iSCSI transport class v2.0-870.
         Starting Set the console keyboard layout...
         Starting Create list of required stâ€¦ce nodes for the current kernel...
[[0;32m  OK  [0m] Listening on Network Service Netlink Socket.
         Mounting Kernel Debug File System...
[[0;32m  OK  [0m] Listening on LVM2 metadata daemon socket.
[   18.203950] iscsi: registered transport (tcp)
         Starting Monitoring of LVM2 mirrorsâ€¦ng dmeventd or progress polling...
[[0;32m  OK  [0m] Set up automount Arbitrary Executabâ€¦rmats File System Automount Point.
[[0;32m  OK  [0m] Listening on /dev/initctl Compatibility Named Pipe.
[[0;32m  OK  [0m] Listening on Journal Socket (/dev/log).
         Starting Remount Root and Kernel File Systems...
[[0;32m  OK  [0m] Listening on udev Control Socket.
[[0;32m  OK  [0m] Created slice User and Session Slice.
[[0;32m  OK  [0m] Reached target Slices.
[[0;32m  OK  [0m] Listening on udev Kernel Socket.
         Starting udev Coldplug all Devices...
[[0;32m  OK  [0m] Listening on Syslog Socket.
         Starting Journal Service...
[[0;32m  OK  [0m] Mounted POSIX Message Queue File System.
[[0;32m  OK  [0m] Mounted Huge Pages File System.
[[0;32m  OK  [0m] Started Uncomplicated firewall.
[   18.463119] EXT4-fs (sda1): re-mounted. Opts: (null)
[[0;32m  OK  [0m] Started Create list of required staâ€¦vice nodes for the current kernel.
[[0;32m  OK  [0m] Mounted Kernel Debug File System.
[[0;32m  OK  [0m] Started LVM2 metadata daemon.
         Starting Create Static Device Nodes in /dev...
[[0;32m  OK  [0m] Started Remount Root and Kernel File Systems.
         Starting Load/Save Random Seed...
[[0;32m  OK  [0m] Started Load/Save Random Seed.
[[0;32m  OK  [0m] Started Create Static Device Nodes in /dev.
         Starting udev Kernel Device Manager...
[[0;32m  OK  [0m] Started Monitoring of LVM2 mirrors,â€¦sing dmeventd or progress polling.
[   19.184452] iscsi: registered transport (iser)
[[0;32m  OK  [0m] Started Load Kernel Modules.
         Mounting Kernel Configuration File System...
         Mounting FUSE Control File System...
         Starting Apply Kernel Variables...
[[0;32m  OK  [0m] Mounted Kernel Configuration File System.
[[0;32m  OK  [0m] Mounted FUSE Control File System.
[[0;32m  OK  [0m] Started Apply Kernel Variables.
[[0;32m  OK  [0m] Started Journal Service.
         Starting Flush Journal to Persistent Storage...
[[0;32m  OK  [0m] Started Set the console keyboard layout.
[[0;32m  OK  [0m] Reached target Local File Systems (Pre).
[[0;32m  OK  [0m] Reached target Local File Systems.
         Starting Commit a transient machine-id on disk...
         Starting AppArmor initialization...
         Starting ebtables ruleset management...
         Starting Tell Plymouth To Write Out Runtime Data...
         Starting Set console font and keymap...
[[0;32m  OK  [0m] Started udev Coldplug all Devices.
[[0;32m  OK  [0m] Started Tell Plymouth To Write Out Runtime Data.
[[0;32m  OK  [0m] Started udev Kernel Device Manager.
[[0;32m  OK  [0m] Started Dispatch Password Requests to Console Directory Watch.
[[0;32m  OK  [0m] Reached target Local Encrypted Volumes.
[[0;32m  OK  [0m] Started Set console font and keymap.
[[0;32m  OK  [0m] Started Commit a transient machine-id on disk.
[[0;32m  OK  [0m] Started Flush Journal to Persistent Storage.
         Starting Create Volatile Files and Directories...
[[0;32m  OK  [0m] Started ebtables ruleset management.
[[0;32m  OK  [0m] Started Create Volatile Files and Directories.
         Starting Update UTMP about System Boot/Shutdown...
[[0;32m  OK  [0m] Started Update UTMP about System Boot/Shutdown.
[[0;32m  OK  [0m] Found device /dev/ttyS0.
[[0;32m  OK  [0m] Listening on Load/Save RF Kill Switch Status /dev/rfkill Watch.
[[0;32m  OK  [0m] Started AppArmor initialization.
         Starting Initial cloud-init job (pre-networking)...
[   29.330367] cloud-init[554]: Cloud-init v. 19.4-33-gbb4131a2-0ubuntu1~18.04.1 running 'init-local' at Wed, 08 Apr 2020 15:43:31 +0000. Up 28.32 seconds.
[[0;32m  OK  [0m] Started Initial cloud-init job (pre-networking).
[[0;32m  OK  [0m] Reached target Network (Pre).
         Starting Network Service...
[[0;32m  OK  [0m] Started Network Service.
         Starting Wait for Network to be Configured...
         Starting Network Name Resolution...
[[0;32m  OK  [0m] Started Network Name Resolution.
[[0;32m  OK  [0m] Reached target Network.
[[0;32m  OK  [0m] Reached target Host and Network Name Lookups.
[[0;32m  OK  [0m] Started Wait for Network to be Configured.
         Starting Initial cloud-init job (metadata service crawler)...
[   33.295028] cloud-init[662]: Cloud-init v. 19.4-33-gbb4131a2-0ubuntu1~18.04.1 running 'init' at Wed, 08 Apr 2020 15:43:35 +0000. Up 32.54 seconds.
[   33.299218] cloud-init[662]: ci-info: +++++++++++++++++++++++++++++++++++++Net device info++++++++++++++++++++++++++++++++++++++
[   33.303407] cloud-init[662]: ci-info: +--------+------+---------------------------+---------------+--------+-------------------+
[   33.308280] cloud-init[662]: ci-info: | Device |  Up  |          Address          |      Mask     | Scope  |     Hw-Address    |
[   33.311919] cloud-init[662]: ci-info: +--------+------+---------------------------+---------------+--------+-------------------+
[   33.315705] cloud-init[662]: ci-info: | enp0s3 | True |         10.0.2.15         | 255.255.255.0 | global | 02:63:41:f1:0e:ed |
[   33.321272] cloud-init[662]: ci-info: | enp0s3 | True | fe80::63:41ff:fef1:eed/64 |       .       |  link  | 02:63:41:f1:0e:ed |
[   33.328226] cloud-init[662]: ci-info: |   lo   | True |         127.0.0.1         |   255.0.0.0   |  host  |         .         |
[   33.335149] cloud-init[662]: ci-info: |   lo   | True |          ::1/128          |       .       |  host  |         .         |
[   33.342133] cloud-init[662]: ci-info: +--------+------+---------------------------+---------------+--------+-------------------+
[   33.346632] cloud-init[662]: ci-info: ++++++++++++++++++++++++++++Route IPv4 info+++++++++++++++++++++++++++++
[   33.350923] cloud-init[662]: ci-info: +-------+-------------+----------+-----------------+-----------+-------+
[   33.360419] cloud-init[662]: ci-info: | Route | Destination | Gateway  |     Genmask     | Interface | Flags |
[   33.364093] cloud-init[662]: ci-info: +-------+-------------+----------+-----------------+-----------+-------+
[   33.367263] cloud-init[662]: ci-info: |   0   |   0.0.0.0   | 10.0.2.2 |     0.0.0.0     |   enp0s3  |   UG  |
[   33.370704] cloud-init[662]: ci-info: |   1   |   10.0.2.0  | 0.0.0.0  |  255.255.255.0  |   enp0s3  |   U   |
[   33.373510] cloud-init[662]: ci-info: |   2   |   10.0.2.2  | 0.0.0.0  | 255.255.255.255 |   enp0s3  |   UH  |
[   33.378813] cloud-init[662]: ci-info: +-------+-------------+----------+-----------------+-----------+-------+
[   33.381833] cloud-init[662]: ci-info: +++++++++++++++++++Route IPv6 info+++++++++++++++++++
[   33.384628] cloud-init[662]: ci-info: +-------+-------------+---------+-----------+-------+
[   33.390887] cloud-init[662]: ci-info: | Route | Destination | Gateway | Interface | Flags |
[   33.412872] cloud-init[662]: ci-info: +-------+-------------+---------+-----------+-------+
[   33.415701] cloud-init[662]: ci-info: |   1   |  fe80::/64  |    ::   |   enp0s3  |   U   |
[   33.421077] cloud-init[662]: ci-info: |   3   |    local    |    ::   |   enp0s3  |   U   |
[   33.424574] cloud-init[662]: ci-info: |   4   |   ff00::/8  |    ::   |   enp0s3  |   U   |
[   33.427425] cloud-init[662]: ci-info: +-------+-------------+---------+-----------+-------+
[   36.305622] cloud-init[662]: Generating public/private rsa key pair.
[   36.311565] cloud-init[662]: Your identification has been saved in /etc/ssh/ssh_host_rsa_key.
[   36.321480] cloud-init[662]: Your public key has been saved in /etc/ssh/ssh_host_rsa_key.pub.
[   36.327598] cloud-init[662]: The key fingerprint is:
[   36.344616] cloud-init[662]: SHA256:kGhkT+s5Ytmbc+DPManj3ugzu3xYJQ4NxnN/qT2aUrA root@ubuntu-bionic
[   36.356022] cloud-init[662]: The key's randomart image is:
[   36.360348] cloud-init[662]: +---[RSA 2048]----+
[   36.362650] cloud-init[662]: |    o..          |
[   36.365504] cloud-init[662]: |   o +=o.        |
[   36.368219] cloud-init[662]: |    o.== .   .   |
[   36.372845] cloud-init[662]: |   . +.o+ o o    |
[   36.376406] cloud-init[662]: |    + *oS= +     |
[   36.378945] cloud-init[662]: |   . o =E.o o    |
[   36.387191] cloud-init[662]: |      =o=. o .   |
[   36.392493] cloud-init[662]: |     .=Oooo      |
[   36.396642] cloud-init[662]: |     +XB+.       |
[   36.402604] cloud-init[662]: +----[SHA256]-----+
[   36.413680] cloud-init[662]: Generating public/private dsa key pair.
[   36.420411] cloud-init[662]: Your identification has been saved in /etc/ssh/ssh_host_dsa_key.
[   36.436780] cloud-init[662]: Your public key has been saved in /etc/ssh/ssh_host_dsa_key.pub.
[   36.458062] cloud-init[662]: The key fingerprint is:
[   36.461253] cloud-init[662]: SHA256:aaNHeH1eC2ybvQZFMJXL+bSih7VYd6c3lv8bwOrJKQ8 root@ubuntu-bionic
[   36.484626] cloud-init[662]: The key's randomart image is:
[   36.496744] cloud-init[662]: +---[DSA 1024]----+
[   36.507252] cloud-init[662]: |            oo.. |
[   36.512664] cloud-init[662]: |             .o  |
[   36.516573] cloud-init[662]: |             o o |
[   36.524745] cloud-init[662]: |       . o .. = .|
[   36.529509] cloud-init[662]: |      . S . =+.o.|
[   36.540318] cloud-init[662]: |       = . +oX.++|
[   36.543800] cloud-init[662]: |      . .E .X.*o+|
[   36.561586] cloud-init[662]: |       . .++ooo=o|
[   36.566522] cloud-init[662]: |          o*..ooB|
[   36.573071] cloud-init[662]: +----[SHA256]-----+
[   36.575902] cloud-init[662]: Generating public/private ecdsa key pair.
[   36.578873] cloud-init[662]: Your identification has been saved in /etc/ssh/ssh_host_ecdsa_key.
[   36.584851] cloud-init[662]: Your public key has been saved in /etc/ssh/ssh_host_ecdsa_key.pub.
[   36.592739] cloud-init[662]: The key fingerprint is:
[   36.608749] cloud-init[662]: SHA256:ZRojjaPFPbF1Eb7YLoLDNS1NvEcB2juKPyz1SaCTZvo root@ubuntu-bionic
[[0;32m  OK  [0m] Started Initial cloud-init job (metadata service crawler).
[   36.622002] cloud-init[662]: The key's randomart image is:
[[0;32m  OK  [0m] Reached target Network is Online.
[   36.630106] cloud-init[662]: [[0;32m  OK  [0m] Reached target Remote File Systems (Pre).
[[0;32m  OK  [0m] Reached target Remote File Systems.+---[ECDSA 256]---+
[   36.637883] cloud-init[662]: |        . o.=o   |
[   36.639840] cloud-init[662]: |     . + B o .   |
[   36.641615] cloud-init[662]: |      * O * o    |
         Starting Availability of block devices...
[[0;32m  OK  [0m] Reached target Cloud-config availability.
[   36.661326] cloud-init[662]: |     o o.@ * .   |

[[0;32m  OK  [0m] Reached target System Initialization.
[[0;32m  OK  [0m[   36.669871] cloud-init[662]: |    .  oS.B +    |
] Started Daily apt download activities.
[[0;32m  OK  [0m[   36.682932] cloud-init] Started Daily apt upgrade and clean activities.
[[0;32m  OK  [0m] Started Message of the Day.
[[0;32m  OK  [0m] Listening on Open-iSCSI iscsid Socket.
[[0;32m  OK  [0m] Listening on ACPID Listen Socket.
[[0;32m  OK  [0m] Listening on D-Bus System Message Bus Socket.
[662]: |     .*+.+.+     |
[   36.702221] cloud-init[662]: |     +=+oo...    |
         Starting LXD - unix socket.[   36.712413] 
cloud-init[662]: |    . .oo.o.     |
[[0;32m  OK  [0m] Listening on UUID daemon activation socket.
[   36.728613] cloud-init[662]: |     .E...       |
[[0;32m  OK  [0m] Started Discard unused blocks once a week.
[   36.731715] cloud-init[662]: +----[SHA256]-----+
[   36.734001] cloud-init[662]: Generating public/private ed25519 key pair.
[[0;32m  OK  [0m[   36.748402] ] cloud-initStarted ACPI Events Check.[662]: 
Your identification has been saved in /etc/ssh/ssh_host_ed25519_key.
[[   36.760661] [0;32m  OK  [0mcloud-init] [662]: Reached target Paths.Your public key has been saved in /etc/ssh/ssh_host_ed25519_key.pub.

[   36.763441] cloud-init[662]: The key fingerprint is:
[   36.765537] cloud-init[662]: SHA256:Q7eBO1jcElt05MyZnOjr/Fz20289cfVxmlIDMkdihOU root@ubuntu-bionic
         [   36.777321] cloud-init[662]: The key's randomart image is:
[   36.777561] Starting Socket activation for snappy daemon.cloud-init
[662]: +--[ED25519 256]--+
[   36.793198] cloud-init[662]: |        .=Bo+    |
[   36.804705] cloud-init[662]: |       ..OoOo+   |
[   36.819346] cloud-init[662]: |        B E+O.   |
[   36.820922] cloud-init[662]: |       + = o  o.o|
[   36.822383] cloud-init[662]: |      . S o  . +=|
[[0;32m  OK  [0m] Started Daily Cleanup of Temporary Directories.
[[0;32m  OK  [0m] Reached target Timers.
[   36.828808] cloud-init[662]: |         o .. o.o|
[   36.854942] cloud-init[662]: |          .  .o =|
[   36.868631] cloud-init[662]: |         o . o ++|
[[0;32m  OK  [0m] Started Availability of block devices.
[   36.882698] cloud-init[662]: |          o.o  .*|
[[0;32m  OK  [0m] Listening on LXD - unix socket.
[   36.896538] [cloud-init[0;32m  OK  [0m[662]: ] +----[SHA256]-----+Listening on Socket activation for snappy daemon.

[[0;32m  OK  [0m] Reached target Sockets.
[[0;32m  OK  [0m] Reached target Basic System.
         Starting Login Service...
         Starting Virtualbox guest utils...
         Starting LSB: automatic crash report generation...
         Starting Dispatcher daemon for systemd-networkd...
[[0;32m  OK  [0m] Started FUSE filesystem for LXC.
         Starting Snappy daemon...
[[0;32m  OK  [0m] Started irqbalance daemon.
[[0;32m  OK  [0m] Started D-Bus System Message Bus.
[[0;32m  OK  [0m] Started Login Service.
         Starting Accounts Service...
         Starting LSB: Record successful boot for GRUB...
[[0;32m  OK  [0m] Started Deferred execution scheduler.
[[0;32m  OK  [0m] Started Regular background program processing daemon.
         Starting System Logging Service...
[[0;32m  OK  [0m] Started Unattended Upgrades Shutdown.
         Starting Permit User Sessions...
         Starting Pollinate to seed the pseudo random number generator...
         Starting LXD - container startup/shutdown...
[[0;32m  OK  [0m] Started Permit User Sessions.
         Starting Hold until boot process finishes up...
         Starting Terminate Plymouth Boot Screen...
[[0;32m  OK  [0m] Started Terminate Plymouth Boot Screen.
[[0;32m  OK  [0m] Started Hold until boot process finishes up.
[[0;32m  OK  [0m] Started Serial Getty on ttyS0.
         Starting Set console scheme...
[[0;32m  OK  [0m] Started System Logging Service.
[[0;32m  OK  [0m] Started Set console scheme.
[[0;32m  OK  [0m] Created slice system-getty.slice.
[[0;32m  OK  [0m] Started Getty on tty1.
[[0;32m  OK  [0m] Reached target Login Prompts.
         Starting Authorization Manager...
[[0;32m  OK  [0m] Started LSB: automatic crash report generation.
[[0;32m  OK  [0m] Started LSB: Record successful boot for GRUB.
[[0;32m  OK  [0m] Started Authorization Manager.
[[0;32m  OK  [0m] Started Accounts Service.
[[0;32m  OK  [0m] Started Virtualbox guest utils.
[[0;32m  OK  [0m] Started LXD - container startup/shutdown.
[[0;32m  OK  [0m] Started Dispatcher daemon for systemd-networkd.
[[0;32m  OK  [0m] Started Snappy daemon.
         Starting Wait until snapd is fully seeded...
[[0;32m  OK  [0m] Started Pollinate to seed the pseudo random number generator.
         Starting OpenBSD Secure Shell server...
[[0;32m  OK  [0m] Started OpenBSD Secure Shell server.
[[0;32m  OK  [0m] Created slice User Slice of vagrant.
         Starting User Manager for UID 1000...
[[0;32m  OK  [0m] Started Session 1 of user vagrant.
[[0;32m  OK  [0m] Started User Manager for UID 1000.

Ubuntu 18.04.4 LTS ubuntu-bionic ttyS0

ubuntu-bionic login: [   48.344476] cloud-init[1139]: Cloud-init v. 19.4-33-gbb4131a2-0ubuntu1~18.04.1 running 'modules:config' at Wed, 08 Apr 2020 15:43:49 +0000. Up 45.85 seconds.
ci-info: no authorized SSH keys fingerprints found for user ubuntu.
<14>Apr  8 15:43:58 ec2: 
<14>Apr  8 15:43:58 ec2: #############################################################
<14>Apr  8 15:43:58 ec2: -----BEGIN SSH HOST KEY FINGERPRINTS-----
<14>Apr  8 15:43:58 ec2: 1024 SHA256:aaNHeH1eC2ybvQZFMJXL+bSih7VYd6c3lv8bwOrJKQ8 root@ubuntu-bionic (DSA)
<14>Apr  8 15:43:58 ec2: 256 SHA256:ZRojjaPFPbF1Eb7YLoLDNS1NvEcB2juKPyz1SaCTZvo root@ubuntu-bionic (ECDSA)
<14>Apr  8 15:43:58 ec2: 256 SHA256:Q7eBO1jcElt05MyZnOjr/Fz20289cfVxmlIDMkdihOU root@ubuntu-bionic (ED25519)
<14>Apr  8 15:43:58 ec2: 2048 SHA256:kGhkT+s5Ytmbc+DPManj3ugzu3xYJQ4NxnN/qT2aUrA root@ubuntu-bionic (RSA)
<14>Apr  8 15:43:58 ec2: -----END SSH HOST KEY FINGERPRINTS-----
<14>Apr  8 15:43:58 ec2: #############################################################
-----BEGIN SSH HOST KEY KEYS-----
ecdsa-sha2-nistp256 AAAAE2VjZHNhLXNoYTItbmlzdHAyNTYAAAAIbmlzdHAyNTYAAABBBCK5s4isk4OfFOB8XtRpPxns7Pm7TQ4uqYlv/LoJApuJVYpy81KtMb4AyZ7d34Q6Xd1R7O+MniC8M1Pv8ZKmfJs= root@ubuntu-bionic
ssh-ed25519 AAAAC3NzaC1lZDI1NTE5AAAAIN9WZ2ZlctoMJz4JRJDvVAMOcUFIS5z8NzOJOpJv1qxT root@ubuntu-bionic
ssh-rsa AAAAB3NzaC1yc2EAAAADAQABAAABAQDANOrvDZjRWuNTbm5tQJtvDEFlmnvt3Nl+pAMHmm8Q94Wx/XrOxmTbBCkjIR9oQXQ31w/Mz9wew+HAtAwEniL/xmmTD96It83u7IuklqA3+h6h8fEzuYQKRo8CFLsUZbBTgBmhwtz4P49xBjONrD3bbAhk3sU45B7ExoyLjd1NAw9NHRmyE325zCkBnASMCcHx/ZoGh7rj+cr9ieSDQxSs6RBcu4ZX1y7w45dwHF+8uEP/0BUcJZx4kEr/3mw5h89X+aW4t/T374OOan7+bHh2wx3cerr8AlbfE/pN2d5bFg4Zzj/HVIx4LsSNWm0SMOjel8057Gwfs/yrHPA5Cg9R root@ubuntu-bionic
-----END SSH HOST KEY KEYS-----
[   54.935533] cloud-init[1276]: Cloud-init v. 19.4-33-gbb4131a2-0ubuntu1~18.04.1 running 'modules:final' at Wed, 08 Apr 2020 15:43:56 +0000. Up 52.68 seconds.
[   54.935676] cloud-init[1276]: ci-info: no authorized SSH keys fingerprints found for user ubuntu.
[   54.935816] cloud-init[1276]: Cloud-init v. 19.4-33-gbb4131a2-0ubuntu1~18.04.1 finished at Wed, 08 Apr 2020 15:43:58 +0000. Datasource DataSourceNoCloud [seed=/dev/sdb][dsmode=net].  Up 54.78 seconds
